============================================================
                     TEST REPORT HEADER                     
============================================================
This is a sample operational report.
